[0.048s] DEBUG:colcon:Command line arguments: ['/usr/bin/colcon', 'build']
[0.048s] DEBUG:colcon:Parsed command line arguments: Namespace(log_base=None, log_level=None, verb_name='build', build_base='build', install_base='install', merge_install=False, symlink_install=False, test_result_base=None, continue_on_error=False, executor='parallel', parallel_workers=32, event_handlers=None, ignore_user_meta=False, metas=['./colcon.meta'], base_paths=['.'], packages_ignore=None, packages_ignore_regex=None, paths=None, packages_up_to=None, packages_up_to_regex=None, packages_above=None, packages_above_and_dependencies=None, packages_above_depth=None, packages_select_by_dep=None, packages_skip_by_dep=None, packages_skip_up_to=None, packages_select_build_failed=False, packages_skip_build_finished=False, packages_select_test_failures=False, packages_skip_test_passed=False, packages_select=None, packages_skip=None, packages_select_regex=None, packages_skip_regex=None, packages_start=None, packages_end=None, allow_overriding=[], cmake_args=None, cmake_target=None, cmake_target_skip_unavailable=False, cmake_clean_cache=False, cmake_clean_first=False, cmake_force_configure=False, ament_cmake_args=None, catkin_cmake_args=None, catkin_skip_building_tests=False, verb_parser=<colcon_defaults.argument_parser.defaults.DefaultArgumentsDecorator object at 0x74b1920a0dc0>, verb_extension=<colcon_core.verb.build.BuildVerb object at 0x74b19201ed70>, main=<bound method BuildVerb.main of <colcon_core.verb.build.BuildVerb object at 0x74b19201ed70>>)
[0.068s] Level 1:colcon.colcon_core.package_discovery:discover_packages(colcon_meta) check parameters
[0.068s] Level 1:colcon.colcon_core.package_discovery:discover_packages(recursive) check parameters
[0.068s] Level 1:colcon.colcon_core.package_discovery:discover_packages(ignore) check parameters
[0.068s] Level 1:colcon.colcon_core.package_discovery:discover_packages(path) check parameters
[0.068s] Level 1:colcon.colcon_core.package_discovery:discover_packages(colcon_meta) discover
[0.068s] Level 1:colcon.colcon_core.package_discovery:discover_packages(recursive) discover
[0.068s] INFO:colcon.colcon_core.package_discovery:Crawling recursively for packages in '/home/pochsathya/workingdir/UAV-Autopilot/assembly_1'
[0.068s] Level 1:colcon.colcon_core.package_identification:_identify(.) by extensions ['ignore', 'ignore_ament_install']
[0.068s] Level 1:colcon.colcon_core.package_identification:_identify(.) by extension 'ignore'
[0.068s] Level 1:colcon.colcon_core.package_identification:_identify(.) by extension 'ignore_ament_install'
[0.068s] Level 1:colcon.colcon_core.package_identification:_identify(.) by extensions ['colcon_pkg']
[0.068s] Level 1:colcon.colcon_core.package_identification:_identify(.) by extension 'colcon_pkg'
[0.068s] Level 1:colcon.colcon_core.package_identification:_identify(.) by extensions ['colcon_meta']
[0.068s] Level 1:colcon.colcon_core.package_identification:_identify(.) by extension 'colcon_meta'
[0.068s] Level 1:colcon.colcon_core.package_identification:_identify(.) by extensions ['ros']
[0.068s] Level 1:colcon.colcon_core.package_identification:_identify(.) by extension 'ros'
[0.076s] DEBUG:colcon.colcon_core.package_identification:Package '.' with type 'ros.ament_cmake' and name 'assembly_1'
[0.076s] Level 1:colcon.colcon_core.package_discovery:discover_packages(recursive) using defaults
[0.076s] Level 1:colcon.colcon_core.package_discovery:discover_packages(ignore) discover
[0.076s] Level 1:colcon.colcon_core.package_discovery:discover_packages(ignore) using defaults
[0.076s] Level 1:colcon.colcon_core.package_discovery:discover_packages(path) discover
[0.076s] Level 1:colcon.colcon_core.package_discovery:discover_packages(path) using defaults
[0.086s] Level 1:colcon.colcon_core.package_discovery:discover_packages(prefix_path) check parameters
[0.086s] Level 1:colcon.colcon_core.package_discovery:discover_packages(prefix_path) discover
[0.086s] WARNING:colcon.colcon_core.prefix_path.colcon:The path '/home/pochsathya/workingdir/UAV-Autopilot/install' in the environment variable COLCON_PREFIX_PATH doesn't exist
[0.086s] WARNING:colcon.colcon_ros.prefix_path.ament:The path '/home/pochsathya/workingdir/UAV-Autopilot/assembly_1/install/assembly_1' in the environment variable AMENT_PREFIX_PATH doesn't exist
[0.086s] WARNING:colcon.colcon_ros.prefix_path.ament:The path '/home/pochsathya/workingdir/UAV-Autopilot/install/assembly_1' in the environment variable AMENT_PREFIX_PATH doesn't exist
[0.087s] WARNING:colcon.colcon_ros.prefix_path.catkin:The path '/home/pochsathya/workingdir/UAV-Autopilot/assembly_1/install/assembly_1' in the environment variable CMAKE_PREFIX_PATH doesn't exist
[0.087s] WARNING:colcon.colcon_ros.prefix_path.catkin:The path '/home/pochsathya/workingdir/UAV-Autopilot/install/assembly_1' in the environment variable CMAKE_PREFIX_PATH doesn't exist
[0.087s] DEBUG:colcon.colcon_installed_package_information.package_discovery:Found 0 installed packages in /home/pochsathya/workingdir/UAV-Autopilot/assembly_1/install
[0.087s] DEBUG:colcon.colcon_installed_package_information.package_discovery:Found 451 installed packages in /opt/ros/humble
[0.088s] Level 1:colcon.colcon_core.package_discovery:discover_packages(prefix_path) using defaults
[0.111s] Level 5:colcon.colcon_core.verb:set package 'assembly_1' build argument 'cmake_args' from command line to 'None'
[0.111s] Level 5:colcon.colcon_core.verb:set package 'assembly_1' build argument 'cmake_target' from command line to 'None'
[0.111s] Level 5:colcon.colcon_core.verb:set package 'assembly_1' build argument 'cmake_target_skip_unavailable' from command line to 'False'
[0.111s] Level 5:colcon.colcon_core.verb:set package 'assembly_1' build argument 'cmake_clean_cache' from command line to 'False'
[0.111s] Level 5:colcon.colcon_core.verb:set package 'assembly_1' build argument 'cmake_clean_first' from command line to 'False'
[0.111s] Level 5:colcon.colcon_core.verb:set package 'assembly_1' build argument 'cmake_force_configure' from command line to 'False'
[0.111s] Level 5:colcon.colcon_core.verb:set package 'assembly_1' build argument 'ament_cmake_args' from command line to 'None'
[0.111s] Level 5:colcon.colcon_core.verb:set package 'assembly_1' build argument 'catkin_cmake_args' from command line to 'None'
[0.111s] Level 5:colcon.colcon_core.verb:set package 'assembly_1' build argument 'catkin_skip_building_tests' from command line to 'False'
[0.111s] DEBUG:colcon.colcon_core.verb:Building package 'assembly_1' with the following arguments: {'ament_cmake_args': None, 'build_base': '/home/pochsathya/workingdir/UAV-Autopilot/assembly_1/build/assembly_1', 'catkin_cmake_args': None, 'catkin_skip_building_tests': False, 'cmake_args': None, 'cmake_clean_cache': False, 'cmake_clean_first': False, 'cmake_force_configure': False, 'cmake_target': None, 'cmake_target_skip_unavailable': False, 'install_base': '/home/pochsathya/workingdir/UAV-Autopilot/assembly_1/install/assembly_1', 'merge_install': False, 'path': '/home/pochsathya/workingdir/UAV-Autopilot/assembly_1', 'symlink_install': False, 'test_result_base': None}
[0.111s] INFO:colcon.colcon_core.executor:Executing jobs using 'parallel' executor
[0.112s] DEBUG:colcon.colcon_parallel_executor.executor.parallel:run_until_complete
[0.112s] INFO:colcon.colcon_ros.task.ament_cmake.build:Building ROS package in '/home/pochsathya/workingdir/UAV-Autopilot/assembly_1' with build type 'ament_cmake'
[0.112s] INFO:colcon.colcon_cmake.task.cmake.build:Building CMake package in '/home/pochsathya/workingdir/UAV-Autopilot/assembly_1'
[0.113s] INFO:colcon.colcon_core.plugin_system:Skipping extension 'colcon_core.shell.bat': Not used on non-Windows systems
[0.113s] INFO:colcon.colcon_core.shell:Skip shell extension 'powershell' for command environment: Not usable outside of PowerShell
[0.113s] DEBUG:colcon.colcon_core.shell:Skip shell extension 'dsv' for command environment
[0.122s] DEBUG:colcon.colcon_core.event_handler.log_command:Invoking command in '/home/pochsathya/workingdir/UAV-Autopilot/assembly_1/build/assembly_1': CMAKE_PREFIX_PATH=${CMAKE_PREFIX_PATH}:/opt/ros/humble /usr/bin/cmake /home/pochsathya/workingdir/UAV-Autopilot/assembly_1 -DCMAKE_INSTALL_PREFIX=/home/pochsathya/workingdir/UAV-Autopilot/assembly_1/install/assembly_1
[0.666s] DEBUG:colcon.colcon_core.event_handler.log_command:Invoked command in '/home/pochsathya/workingdir/UAV-Autopilot/assembly_1/build/assembly_1' returned '0': CMAKE_PREFIX_PATH=${CMAKE_PREFIX_PATH}:/opt/ros/humble /usr/bin/cmake /home/pochsathya/workingdir/UAV-Autopilot/assembly_1 -DCMAKE_INSTALL_PREFIX=/home/pochsathya/workingdir/UAV-Autopilot/assembly_1/install/assembly_1
[0.666s] DEBUG:colcon.colcon_core.event_handler.log_command:Invoking command in '/home/pochsathya/workingdir/UAV-Autopilot/assembly_1/build/assembly_1': CMAKE_PREFIX_PATH=${CMAKE_PREFIX_PATH}:/opt/ros/humble /usr/bin/cmake --build /home/pochsathya/workingdir/UAV-Autopilot/assembly_1/build/assembly_1 -- -j32 -l32
[0.692s] DEBUG:colcon.colcon_core.event_handler.log_command:Invoked command in '/home/pochsathya/workingdir/UAV-Autopilot/assembly_1/build/assembly_1' returned '0': CMAKE_PREFIX_PATH=${CMAKE_PREFIX_PATH}:/opt/ros/humble /usr/bin/cmake --build /home/pochsathya/workingdir/UAV-Autopilot/assembly_1/build/assembly_1 -- -j32 -l32
[0.699s] DEBUG:colcon.colcon_core.event_handler.log_command:Invoking command in '/home/pochsathya/workingdir/UAV-Autopilot/assembly_1/build/assembly_1': CMAKE_PREFIX_PATH=${CMAKE_PREFIX_PATH}:/opt/ros/humble /usr/bin/cmake --install /home/pochsathya/workingdir/UAV-Autopilot/assembly_1/build/assembly_1
[0.706s] Level 1:colcon.colcon_core.environment:create_environment_scripts_only(assembly_1)
[0.706s] DEBUG:colcon.colcon_core.event_handler.log_command:Invoked command in '/home/pochsathya/workingdir/UAV-Autopilot/assembly_1/build/assembly_1' returned '0': CMAKE_PREFIX_PATH=${CMAKE_PREFIX_PATH}:/opt/ros/humble /usr/bin/cmake --install /home/pochsathya/workingdir/UAV-Autopilot/assembly_1/build/assembly_1
[0.708s] Level 1:colcon.colcon_core.environment:checking '/home/pochsathya/workingdir/UAV-Autopilot/assembly_1/install/assembly_1' for CMake module files
[0.709s] Level 1:colcon.colcon_core.environment:checking '/home/pochsathya/workingdir/UAV-Autopilot/assembly_1/install/assembly_1' for CMake config files
[0.709s] Level 1:colcon.colcon_core.shell:create_environment_hook('assembly_1', 'cmake_prefix_path')
[0.709s] INFO:colcon.colcon_core.shell:Creating environment hook '/home/pochsathya/workingdir/UAV-Autopilot/assembly_1/install/assembly_1/share/assembly_1/hook/cmake_prefix_path.ps1'
[0.710s] INFO:colcon.colcon_core.shell:Creating environment descriptor '/home/pochsathya/workingdir/UAV-Autopilot/assembly_1/install/assembly_1/share/assembly_1/hook/cmake_prefix_path.dsv'
[0.710s] INFO:colcon.colcon_core.shell:Creating environment hook '/home/pochsathya/workingdir/UAV-Autopilot/assembly_1/install/assembly_1/share/assembly_1/hook/cmake_prefix_path.sh'
[0.711s] Level 1:colcon.colcon_core.environment:checking '/home/pochsathya/workingdir/UAV-Autopilot/assembly_1/install/assembly_1/bin'
[0.711s] Level 1:colcon.colcon_core.environment:checking '/home/pochsathya/workingdir/UAV-Autopilot/assembly_1/install/assembly_1/lib/pkgconfig/assembly_1.pc'
[0.711s] Level 1:colcon.colcon_core.environment:checking '/home/pochsathya/workingdir/UAV-Autopilot/assembly_1/install/assembly_1/lib/python3.10/site-packages'
[0.711s] Level 1:colcon.colcon_core.environment:checking '/home/pochsathya/workingdir/UAV-Autopilot/assembly_1/install/assembly_1/bin'
[0.711s] INFO:colcon.colcon_core.shell:Creating package script '/home/pochsathya/workingdir/UAV-Autopilot/assembly_1/install/assembly_1/share/assembly_1/package.ps1'
[0.712s] INFO:colcon.colcon_core.shell:Creating package descriptor '/home/pochsathya/workingdir/UAV-Autopilot/assembly_1/install/assembly_1/share/assembly_1/package.dsv'
[0.712s] INFO:colcon.colcon_core.shell:Creating package script '/home/pochsathya/workingdir/UAV-Autopilot/assembly_1/install/assembly_1/share/assembly_1/package.sh'
[0.713s] INFO:colcon.colcon_core.shell:Creating package script '/home/pochsathya/workingdir/UAV-Autopilot/assembly_1/install/assembly_1/share/assembly_1/package.bash'
[0.714s] INFO:colcon.colcon_core.shell:Creating package script '/home/pochsathya/workingdir/UAV-Autopilot/assembly_1/install/assembly_1/share/assembly_1/package.zsh'
[0.714s] Level 1:colcon.colcon_core.environment:create_file_with_runtime_dependencies(/home/pochsathya/workingdir/UAV-Autopilot/assembly_1/install/assembly_1/share/colcon-core/packages/assembly_1)
[0.715s] Level 1:colcon.colcon_core.environment:create_environment_scripts_only(assembly_1)
[0.715s] Level 1:colcon.colcon_core.environment:checking '/home/pochsathya/workingdir/UAV-Autopilot/assembly_1/install/assembly_1' for CMake module files
[0.715s] Level 1:colcon.colcon_core.environment:checking '/home/pochsathya/workingdir/UAV-Autopilot/assembly_1/install/assembly_1' for CMake config files
[0.715s] Level 1:colcon.colcon_core.shell:create_environment_hook('assembly_1', 'cmake_prefix_path')
[0.715s] INFO:colcon.colcon_core.shell:Creating environment hook '/home/pochsathya/workingdir/UAV-Autopilot/assembly_1/install/assembly_1/share/assembly_1/hook/cmake_prefix_path.ps1'
[0.716s] INFO:colcon.colcon_core.shell:Creating environment descriptor '/home/pochsathya/workingdir/UAV-Autopilot/assembly_1/install/assembly_1/share/assembly_1/hook/cmake_prefix_path.dsv'
[0.716s] INFO:colcon.colcon_core.shell:Creating environment hook '/home/pochsathya/workingdir/UAV-Autopilot/assembly_1/install/assembly_1/share/assembly_1/hook/cmake_prefix_path.sh'
[0.716s] Level 1:colcon.colcon_core.environment:checking '/home/pochsathya/workingdir/UAV-Autopilot/assembly_1/install/assembly_1/bin'
[0.716s] Level 1:colcon.colcon_core.environment:checking '/home/pochsathya/workingdir/UAV-Autopilot/assembly_1/install/assembly_1/lib/pkgconfig/assembly_1.pc'
[0.717s] Level 1:colcon.colcon_core.environment:checking '/home/pochsathya/workingdir/UAV-Autopilot/assembly_1/install/assembly_1/lib/python3.10/site-packages'
[0.717s] Level 1:colcon.colcon_core.environment:checking '/home/pochsathya/workingdir/UAV-Autopilot/assembly_1/install/assembly_1/bin'
[0.717s] INFO:colcon.colcon_core.shell:Creating package script '/home/pochsathya/workingdir/UAV-Autopilot/assembly_1/install/assembly_1/share/assembly_1/package.ps1'
[0.718s] INFO:colcon.colcon_core.shell:Creating package descriptor '/home/pochsathya/workingdir/UAV-Autopilot/assembly_1/install/assembly_1/share/assembly_1/package.dsv'
[0.718s] INFO:colcon.colcon_core.shell:Creating package script '/home/pochsathya/workingdir/UAV-Autopilot/assembly_1/install/assembly_1/share/assembly_1/package.sh'
[0.718s] INFO:colcon.colcon_core.shell:Creating package script '/home/pochsathya/workingdir/UAV-Autopilot/assembly_1/install/assembly_1/share/assembly_1/package.bash'
[0.718s] INFO:colcon.colcon_core.shell:Creating package script '/home/pochsathya/workingdir/UAV-Autopilot/assembly_1/install/assembly_1/share/assembly_1/package.zsh'
[0.719s] Level 1:colcon.colcon_core.environment:create_file_with_runtime_dependencies(/home/pochsathya/workingdir/UAV-Autopilot/assembly_1/install/assembly_1/share/colcon-core/packages/assembly_1)
[0.719s] DEBUG:colcon.colcon_parallel_executor.executor.parallel:closing loop
[0.719s] DEBUG:colcon.colcon_parallel_executor.executor.parallel:loop closed
[0.719s] DEBUG:colcon.colcon_parallel_executor.executor.parallel:run_until_complete finished with '0'
[0.719s] DEBUG:colcon.colcon_core.event_reactor:joining thread
[0.722s] INFO:colcon.colcon_core.plugin_system:Skipping extension 'colcon_notification.desktop_notification.terminal_notifier': Not used on non-Darwin systems
[0.722s] INFO:colcon.colcon_core.plugin_system:Skipping extension 'colcon_notification.desktop_notification.win32': Not used on non-Windows systems
[0.722s] INFO:colcon.colcon_notification.desktop_notification:Sending desktop notification using 'notify2'
[0.728s] DEBUG:colcon.colcon_core.event_reactor:joined thread
[0.729s] INFO:colcon.colcon_core.shell:Creating prefix script '/home/pochsathya/workingdir/UAV-Autopilot/assembly_1/install/local_setup.ps1'
[0.729s] INFO:colcon.colcon_core.shell:Creating prefix util module '/home/pochsathya/workingdir/UAV-Autopilot/assembly_1/install/_local_setup_util_ps1.py'
[0.730s] INFO:colcon.colcon_core.shell:Creating prefix chain script '/home/pochsathya/workingdir/UAV-Autopilot/assembly_1/install/setup.ps1'
[0.730s] INFO:colcon.colcon_core.shell:Creating prefix script '/home/pochsathya/workingdir/UAV-Autopilot/assembly_1/install/local_setup.sh'
[0.731s] INFO:colcon.colcon_core.shell:Creating prefix util module '/home/pochsathya/workingdir/UAV-Autopilot/assembly_1/install/_local_setup_util_sh.py'
[0.731s] INFO:colcon.colcon_core.shell:Creating prefix chain script '/home/pochsathya/workingdir/UAV-Autopilot/assembly_1/install/setup.sh'
[0.731s] INFO:colcon.colcon_core.shell:Creating prefix script '/home/pochsathya/workingdir/UAV-Autopilot/assembly_1/install/local_setup.bash'
[0.731s] INFO:colcon.colcon_core.shell:Creating prefix chain script '/home/pochsathya/workingdir/UAV-Autopilot/assembly_1/install/setup.bash'
[0.732s] INFO:colcon.colcon_core.shell:Creating prefix script '/home/pochsathya/workingdir/UAV-Autopilot/assembly_1/install/local_setup.zsh'
[0.732s] INFO:colcon.colcon_core.shell:Creating prefix chain script '/home/pochsathya/workingdir/UAV-Autopilot/assembly_1/install/setup.zsh'
