[0.010s] Invoking command in '/home/pochsathya/workingdir/UAV-Autopilot/build/assembly_1': CMAKE_PREFIX_PATH=${CMAKE_PREFIX_PATH}:/opt/ros/humble /usr/bin/cmake /home/pochsathya/workingdir/UAV-Autopilot -DCMAKE_INSTALL_PREFIX=/home/pochsathya/workingdir/UAV-Autopilot/install/assembly_1
[0.048s] -- The C compiler identification is GNU 11.4.0
[0.084s] -- The CXX compiler identification is GNU 13.4.0
[0.088s] -- Detecting C compiler ABI info
[0.132s] -- Detecting C compiler ABI info - done
[0.137s] -- Check for working C compiler: /usr/bin/cc - skipped
[0.137s] -- Detecting C compile features
[0.137s] -- Detecting C compile features - done
[0.138s] -- Detecting CXX compiler ABI info
[0.189s] -- Detecting CXX compiler ABI info - done
[0.193s] -- Check for working CXX compiler: /usr/bin/c++ - skipped
[0.193s] -- Detecting CXX compile features
[0.193s] -- Detecting CXX compile features - done
[0.195s] -- Found ament_cmake: 1.3.14 (/opt/ros/humble/share/ament_cmake/cmake)
[0.378s] -- Found Python3: /usr/bin/python3 (found version "3.10.12") found components: Interpreter 
[0.462s] -- Configuring done
[0.464s] -- Generating done
[0.472s] -- Build files have been written to: /home/pochsathya/workingdir/UAV-Autopilot/build/assembly_1
[0.476s] Invoked command in '/home/pochsathya/workingdir/UAV-Autopilot/build/assembly_1' returned '0': CMAKE_PREFIX_PATH=${CMAKE_PREFIX_PATH}:/opt/ros/humble /usr/bin/cmake /home/pochsathya/workingdir/UAV-Autopilot -DCMAKE_INSTALL_PREFIX=/home/pochsathya/workingdir/UAV-Autopilot/install/assembly_1
[0.476s] Invoking command in '/home/pochsathya/workingdir/UAV-Autopilot/build/assembly_1': CMAKE_PREFIX_PATH=${CMAKE_PREFIX_PATH}:/opt/ros/humble /usr/bin/cmake --build /home/pochsathya/workingdir/UAV-Autopilot/build/assembly_1 -- -j32 -l32
[0.500s] Invoked command in '/home/pochsathya/workingdir/UAV-Autopilot/build/assembly_1' returned '0': CMAKE_PREFIX_PATH=${CMAKE_PREFIX_PATH}:/opt/ros/humble /usr/bin/cmake --build /home/pochsathya/workingdir/UAV-Autopilot/build/assembly_1 -- -j32 -l32
[0.506s] Invoking command in '/home/pochsathya/workingdir/UAV-Autopilot/build/assembly_1': CMAKE_PREFIX_PATH=${CMAKE_PREFIX_PATH}:/opt/ros/humble /usr/bin/cmake --install /home/pochsathya/workingdir/UAV-Autopilot/build/assembly_1
[0.510s] -- Install configuration: ""
[0.510s] -- Installing: /home/pochsathya/workingdir/UAV-Autopilot/install/assembly_1/share/assembly_1/config
[0.510s] -- Installing: /home/pochsathya/workingdir/UAV-Autopilot/install/assembly_1/share/assembly_1/config/controller.yaml
[0.510s] -- Installing: /home/pochsathya/workingdir/UAV-Autopilot/install/assembly_1/share/assembly_1/config/flight_controller.yaml
[0.510s] -- Installing: /home/pochsathya/workingdir/UAV-Autopilot/install/assembly_1/share/assembly_1/launch
[0.510s] -- Installing: /home/pochsathya/workingdir/UAV-Autopilot/install/assembly_1/share/assembly_1/launch/gazebo.launch.xml
[0.510s] -- Installing: /home/pochsathya/workingdir/UAV-Autopilot/install/assembly_1/share/assembly_1/launch/gazebo.launch.py
[0.510s] -- Installing: /home/pochsathya/workingdir/UAV-Autopilot/install/assembly_1/share/assembly_1/meshes
[0.510s] -- Installing: /home/pochsathya/workingdir/UAV-Autopilot/install/assembly_1/share/assembly_1/meshes/Default.stl
[0.512s] -- Installing: /home/pochsathya/workingdir/UAV-Autopilot/install/assembly_1/share/assembly_1/urdf
[0.512s] -- Installing: /home/pochsathya/workingdir/UAV-Autopilot/install/assembly_1/share/assembly_1/urdf/camera.xacro
[0.512s] -- Installing: /home/pochsathya/workingdir/UAV-Autopilot/install/assembly_1/share/assembly_1/urdf/assembly_1.urdf.xacro
[0.512s] -- Installing: /home/pochsathya/workingdir/UAV-Autopilot/install/assembly_1/share/assembly_1/urdf/gps.xacro
[0.512s] -- Installing: /home/pochsathya/workingdir/UAV-Autopilot/install/assembly_1/share/assembly_1/urdf/imu.xacro
[0.512s] -- Installing: /home/pochsathya/workingdir/UAV-Autopilot/install/assembly_1/share/assembly_1/world
[0.512s] -- Installing: /home/pochsathya/workingdir/UAV-Autopilot/install/assembly_1/share/assembly_1/world/rice_field.sdf
[0.512s] -- Installing: /home/pochsathya/workingdir/UAV-Autopilot/install/assembly_1/share/assembly_1/README.md
[0.512s] -- Installing: /home/pochsathya/workingdir/UAV-Autopilot/install/assembly_1/share/ament_index/resource_index/package_run_dependencies/assembly_1
[0.512s] -- Installing: /home/pochsathya/workingdir/UAV-Autopilot/install/assembly_1/share/ament_index/resource_index/parent_prefix_path/assembly_1
[0.512s] -- Installing: /home/pochsathya/workingdir/UAV-Autopilot/install/assembly_1/share/assembly_1/environment/ament_prefix_path.sh
[0.512s] -- Installing: /home/pochsathya/workingdir/UAV-Autopilot/install/assembly_1/share/assembly_1/environment/ament_prefix_path.dsv
[0.512s] -- Installing: /home/pochsathya/workingdir/UAV-Autopilot/install/assembly_1/share/assembly_1/environment/path.sh
[0.512s] -- Installing: /home/pochsathya/workingdir/UAV-Autopilot/install/assembly_1/share/assembly_1/environment/path.dsv
[0.512s] -- Installing: /home/pochsathya/workingdir/UAV-Autopilot/install/assembly_1/share/assembly_1/local_setup.bash
[0.512s] -- Installing: /home/pochsathya/workingdir/UAV-Autopilot/install/assembly_1/share/assembly_1/local_setup.sh
[0.512s] -- Installing: /home/pochsathya/workingdir/UAV-Autopilot/install/assembly_1/share/assembly_1/local_setup.zsh
[0.512s] -- Installing: /home/pochsathya/workingdir/UAV-Autopilot/install/assembly_1/share/assembly_1/local_setup.dsv
[0.512s] -- Installing: /home/pochsathya/workingdir/UAV-Autopilot/install/assembly_1/share/assembly_1/package.dsv
[0.512s] -- Installing: /home/pochsathya/workingdir/UAV-Autopilot/install/assembly_1/share/ament_index/resource_index/packages/assembly_1
[0.513s] -- Installing: /home/pochsathya/workingdir/UAV-Autopilot/install/assembly_1/share/assembly_1/cmake/assembly_1Config.cmake
[0.513s] -- Installing: /home/pochsathya/workingdir/UAV-Autopilot/install/assembly_1/share/assembly_1/cmake/assembly_1Config-version.cmake
[0.513s] -- Installing: /home/pochsathya/workingdir/UAV-Autopilot/install/assembly_1/share/assembly_1/package.xml
[0.514s] Invoked command in '/home/pochsathya/workingdir/UAV-Autopilot/build/assembly_1' returned '0': CMAKE_PREFIX_PATH=${CMAKE_PREFIX_PATH}:/opt/ros/humble /usr/bin/cmake --install /home/pochsathya/workingdir/UAV-Autopilot/build/assembly_1
